<!DOCTYPE html>
<html>
  <head>
  <meta charset='UTF-8'>
  <title>Codo-codo Documentation</title>
  <script src='../../javascript/application.js'></script>
  <script src='../../javascript/search.js'></script>
  <link rel='stylesheet' href='../../stylesheets/application.css' type='text/css'>
</head>
  <body>
    <div id='base' data-path='../../'></div>
<div id='header'>
  <div id='menu'>
    <a href='../../extra/README.md.html' title='Codo-codo'>
      Codo-codo
    </a>
    &raquo;
    <a href='../../alphabetical_index.html' title='Index'>
      Index
    </a>
    &raquo;
    <span class='title'>Example</span>
    &raquo;
    <span class='title'>Animal</span>
  </div>
</div>
    <div id='content'>
      <h1>
        Class:
        Example.Animal
      </h1>
      <table class='box'>
        <tr>
          <td>Defined in:</td>
          <td>test&#47;fixtures&#47;custom&#47;animal.coffee</td>
        </tr>
      </table>
      <h2>Overview</h2>
      <div class='docstring'>
  <p>Base class for all animals.</p>
  <div class='examples'>
    <h3>Examples:</h3>
    <h4>
      How to subclass an animal
    </h4>
    <pre><code class='coffeescript'>class Lion extends Animal
  move: (direction, speed) -&gt;</code></pre>
  </div>
</div>
<div class='tags'>
</div>
      <h2>Variables Summary</h2>
      <dl class='constants'>
  <dt id='ANSWER-variable'>
    ANSWER
    =
  </dt>
  <dd>
    <pre><code class='coffeescript'>42</code></pre>
    <div class='docstring'>
  <p>The Answer to the Ultimate Question of Life, the Universe, and Everything</p>
</div>
<div class='tags'>
</div>
  </dd>
</dl>
      <h2>Instance Method Summary</h2>
      <ul class='summary'>
  <li>
    <span class='signature'>
      <a href='#move-dynamic'>
        #
(void)
<b>move</b><span>(options = {})</span>
      </a>
    </span>
    <span class='desc'>
      Move the animal. 
    </span>
  </li>
</ul>
      <h2>Constructor Details</h2>
      <div class='methods'>
  <div class='method_details'>
    <p class='signature' id='constructor-dynamic'>
      #
(void)
<b>constructor</b><span>(name, birthDate = new Date())</span>
      <br>
    </p>
    <div class='docstring'>
  <p>Construct a new animal.</p>
</div>
<div class='tags'>
  <h3>Parameters:</h3>
  <ul class='param'>
    <li>
      <span class='name'>name</span>
      <span class='type'>
        (
          <tt>String</tt>
        )
      </span>
      &mdash;
      <span class='desc'>the name of the animal </span>
    </li>
    <li>
      <span class='name'>birthDate</span>
      <span class='type'>
        (
          <tt>Date</tt>
        )
      </span>
      &mdash;
      <span class='desc'>when the animal was born </span>
    </li>
  </ul>
</div>
  </div>
</div>
      <h2>Instance Method Details</h2>
      <div class='methods'>
  <div class='method_details'>
    <p class='signature' id='move-dynamic'>
      #
(void)
<b>move</b><span>(options = {})</span>
      <br>
    </p>
    <div class='docstring'>
  <p>Move the animal.</p>
  <div class='examples'>
    <h3>Examples:</h3>
    <h4>
      Move an animal
    </h4>
    <pre><code class='coffeescript'>new Lion(&#39;Simba&#39;).move(&#39;south&#39;, 12)</code></pre>
  </div>
</div>
<div class='tags'>
  <h3>Parameters:</h3>
  <ul class='param'>
    <li>
      <span class='name'>options</span>
      <span class='type'>
        (
          <tt>Object</tt>
        )
      </span>
      &mdash;
      <span class='desc'>the moving options </span>
    </li>
  </ul>
  <h3>
    Options Hash:
    (options):
  </h3>
  <ul class='options'>
    <li>
      <span class='name'>direction</span>
      <span class='type'>
        (
          <tt>String</tt>
        )
      </span>
      &mdash;
      <span class='desc'>the moving direction </span>
    </li>
    <li>
      <span class='name'>speed</span>
      <span class='type'>
        (
          <tt>Number</tt>
        )
      </span>
      &mdash;
      <span class='desc'>the speed in mph </span>
    </li>
  </ul>
</div>
  </div>
</div>
    </div>
    <div id='footer'>
  June 23, 14 03:46:49 by
  <a href='https://github.com/coffeedoc/codo' title='CoffeeScript API documentation generator'>
    Codo
  </a>
  2.0.9
  &#10034;
  Press H to see the keyboard shortcuts
  &#10034;
  <a href='http://twitter.com/netzpirat' target='_parent'>@netzpirat</a>
  &#10034;
  <a href='http://twitter.com/_inossidabile' target='_parent'>@_inossidabile</a>
</div>
<iframe id='search_frame'></iframe>
<div id='fuzzySearch'>
  <input type='text'>
  <ol></ol>
</div>
<div id='help'>
  <p>
    Quickly fuzzy find classes, mixins, methods, file:
  </p>
  <ul>
    <li>
      <span>T</span>
      Open fuzzy finder dialog
    </li>
  </ul>
  <p>
    Control the navigation frame:
  </p>
  <ul>
    <li>
      <span>L</span>
      Toggle list view
    </li>
    <li>
      <span>C</span>
      Show class list
    </li>
    <li>
      <span>I</span>
      Show mixin list
    </li>
    <li>
      <span>F</span>
      Show file list
    </li>
    <li>
      <span>M</span>
      Show method list
    </li>
    <li>
      <span>E</span>
      Show extras list
    </li>
  </ul>
  <p>
    You can focus and blur the search input:
  </p>
  <ul>
    <li>
      <span>S</span>
      Focus search input
    </li>
    <li>
      <span>Esc</span>
      Blur search input
    </li>
  </ul>
</div>
  </body>
</html>