<!DOCTYPE html>
<html>
  <head>
  <meta charset='UTF-8'>
  <title>Codo-codo Documentation</title>
  <script src='../../javascript/application.js'></script>
  <script src='../../javascript/search.js'></script>
  <link rel='stylesheet' href='../../stylesheets/application.css' type='text/css'>
</head>
  <body>
    <div id='base' data-path='../../'></div>
<div id='header'>
  <div id='menu'>
    <a href='../../extra/README.md.html' title='Codo-codo'>
      Codo-codo
    </a>
    &raquo;
    <a href='../../alphabetical_index.html' title='Index'>
      Index
    </a>
    &raquo;
    <span class='title'>Example</span>
    &raquo;
    <span class='title'>Cell</span>
  </div>
</div>
    <div id='content'>
      <h1>
        Class:
        Example.Cell
      </h1>
      <table class='box'>
        <tr>
          <td>Defined in:</td>
          <td>test&#47;fixtures&#47;custom&#47;cell.coffee</td>
        </tr>
      </table>
      <h2>Instance Method Summary</h2>
      <ul class='summary'>
  <li>
    <span class='signature'>
      <a href='#grow-dynamic'>
        #
(void)
<b>grow</b><span>()</span>
      </a>
    </span>
    <span class='desc'>
    </span>
  </li>
  <li>
    <span class='signature'>
      <a href='#clone-dynamic'>
        #
(void)
<b>clone</b><span>()</span>
      </a>
    </span>
    <span class='desc'>
    </span>
  </li>
</ul>
      <h2>Constructor Details</h2>
      <div class='methods'>
  <div class='method_details'>
    <p class='signature' id='constructor-dynamic'>
      #
(void)
<b>constructor</b><span>(name, birthDate = new Date())</span>
      <br>
    </p>
    
  </div>
</div>
      <h2>Instance Method Details</h2>
      <div class='methods'>
  <div class='method_details'>
    <p class='signature' id='grow-dynamic'>
      #
(void)
<b>grow</b><span>()</span>
      <br>
    </p>
    
  </div>
  <div class='method_details'>
    <p class='signature' id='clone-dynamic'>
      #
(void)
<b>clone</b><span>()</span>
      <br>
    </p>
    
  </div>
</div>
    </div>
    <div id='footer'>
  June 23, 14 03:46:49 by
  <a href='https://github.com/coffeedoc/codo' title='CoffeeScript API documentation generator'>
    Codo
  </a>
  2.0.9
  &#10034;
  Press H to see the keyboard shortcuts
  &#10034;
  <a href='http://twitter.com/netzpirat' target='_parent'>@netzpirat</a>
  &#10034;
  <a href='http://twitter.com/_inossidabile' target='_parent'>@_inossidabile</a>
</div>
<iframe id='search_frame'></iframe>
<div id='fuzzySearch'>
  <input type='text'>
  <ol></ol>
</div>
<div id='help'>
  <p>
    Quickly fuzzy find classes, mixins, methods, file:
  </p>
  <ul>
    <li>
      <span>T</span>
      Open fuzzy finder dialog
    </li>
  </ul>
  <p>
    Control the navigation frame:
  </p>
  <ul>
    <li>
      <span>L</span>
      Toggle list view
    </li>
    <li>
      <span>C</span>
      Show class list
    </li>
    <li>
      <span>I</span>
      Show mixin list
    </li>
    <li>
      <span>F</span>
      Show file list
    </li>
    <li>
      <span>M</span>
      Show method list
    </li>
    <li>
      <span>E</span>
      Show extras list
    </li>
  </ul>
  <p>
    You can focus and blur the search input:
  </p>
  <ul>
    <li>
      <span>S</span>
      Focus search input
    </li>
    <li>
      <span>Esc</span>
      Blur search input
    </li>
  </ul>
</div>
  </body>
</html>