<!DOCTYPE html>
<html>
  <head>
  <meta charset='UTF-8'>
  <title>Codo-codo Documentation</title>
  <script src='../javascript/application.js'></script>
  <script src='../javascript/search.js'></script>
  <link rel='stylesheet' href='../stylesheets/application.css' type='text/css'>
</head>
  <body>
    <div id='base' data-path='../'></div>
<div id='header'>
  <div id='menu'>
    <a href='../extra/README.md.html' title='Codo-codo'>
      Codo-codo
    </a>
    &raquo;
    <a href='../alphabetical_index.html' title='Index'>
      Index
    </a>
    &raquo;
    <span class='title'>README.md</span>
  </div>
</div>
    <div id='content'>
      <nav class='toc'>
        <p class='title'>
          <a class='hide_toc' href='#'>
            <strong>Table of Contents</strong>
          </a>
          <small>
            (<a class='float_toc' href='#'>left</a>)
          </small>
        </p>
      </nav>
      <div id='filecontents'>
        <h1 id="grunt-codo-codo">grunt-codo-codo</h1><p><img src="http://img.shields.io/npm/v/grunt-codo-codo.svg" alt="NPM version"> <img src="https://david-dm.org/leny/grunt-codo-codo.svg" alt="Dependency Status"> <img src="http://img.shields.io/npm/dm/grunt-codo-codo.svg" alt="Downloads counter"></p><blockquote><p>Grunt task for generating codo documentation.</p></blockquote>
<hr><p><strong>Note:</strong> I know, the plugin <strong>grunt-codo</strong> already exists. But it doesn&#39;t support multi-tasking (which I <em>need</em> for a project), and don&#39;t really fit with the usual practices for Grunt plugin.<br>As I need a grunt task to generate <em>codo</em> documentation urgently, I prefer to recode my version of <em>grunt-codo</em>, renamed <em>grunt-codo-codo</em>. When the task will be ready, I&#39;ll push it on npm <em>and</em> should propose my work to the <em>grunt-codo</em> maintainers, to merge projects.<br>As for now, I really need reactivity and solutions, so I made it myself.</p><hr>
<h2 id="getting-started">Getting Started</h2><p>This plugin requires Grunt <code>~0.4.5</code></p><p>If you haven&#39;t used <a href="http://gruntjs.com/">Grunt</a> before, be sure to check out the <a href="http://gruntjs.com/getting-started">Getting Started</a> guide, as it explains how to create a <a href="http://gruntjs.com/sample-gruntfile">Gruntfile</a> as well as install and use Grunt plugins. Once you&#39;re familiar with that process, you may install this plugin with this command:</p><pre><code class="lang-shell">npm install grunt-codo-codo --save-dev
</code></pre><p>Once the plugin has been installed, it may be enabled inside your Gruntfile with this line of JavaScript:</p><pre><code class="lang-js">grunt.loadNpmTasks(&#39;grunt-codo-codo&#39;);
</code></pre>
<h2 id="the-codo-task">The &quot;codo&quot; task</h2>
<h3 id="overview">Overview</h3><p>In your project&#39;s Gruntfile, add a section named <code>codo</code> to the data object passed into <code>grunt.initConfig()</code>.</p><pre><code class="lang-js">grunt.initConfig({
  codo: {
    options: {
      // Task-specific options go here.
    },
    your_target: {
      // Target-specific file lists and/or options go here.
    },
  },
});
</code></pre>
<h3 id="target">Target</h3><p><strong>Codo</strong> expect to lookup for <code>coffee</code> files into given folder, and a destination path to generate the documentation.</p><p>So, in your target, don&#39;t forget to add <code>src</code> and <code>dest</code> properties. The <code>dest</code> property is optional, and is defaulting to <code>&quot;./doc&quot;</code>.</p><p><strong>Note:</strong> as <strong>Codo</strong> seems to expect folders path instead of files list, if files are given, the task will use their dirname as source.</p><h3 id="options">Options</h3>
<h4 id="options-stats">options.stats</h4><p>Type: <code>Boolean</code><br>Default value: <code>true</code></p><p>Show stats about the documentation generation.</p><h4 id="options-extension">options.extension</h4><p>Type: <code>String</code><br>Default value: <code>&quot;coffee&quot;</code></p><p>Coffee files extension.</p><h4 id="options-output">options.output</h4><p>Type: <code>String</code> (path)<br>Default value: <code>target.dest</code>, or <code>&quot;./doc&quot;</code></p><p>The documentation destination directory. If this option is given, it will overwrite the target&#39;s <code>dest</code> parameter.</p><h4 id="options-theme">options.theme</h4><p>Type: <code>String</code><br>Default value: <code>theme</code></p><p>The theme to be used.</p><h4 id="options-name">options.name</h4><p>Type: <code>String</code><br>Default value: <code>&quot;Codo&quot;</code></p><p>The project name.</p><h4 id="options-title">options.title</h4><p>Type: <code>String</code><br>Default value: <code>&quot;Documentation&quot;</code></p><p>Documentation HTML Title.</p><h4 id="options-readme">options.readme</h4><p>Type: <code>String</code> (path)<br>Default value: <code>&quot;README.md&quot;</code></p><p>The README file used in documentation.</p><h4 id="options-quiet">options.quiet</h4><p>Type: <code>Boolean</code><br>Default value: <code>false</code></p><p>Supress warnings</p><h4 id="options-verbose">options.verbose</h4><p>Type: <code>Boolean</code><br>Default value: <code>false</code></p><p>Show parsing errors.</p><h4 id="options-undocumented">options.undocumented</h4><p>Type: <code>Boolean</code><br>Default value: <code>false</code></p><p>List undocumented objects.</p><h4 id="options-closure">options.closure</h4><p>Type: <code>Boolean</code><br>Default value: <code>false</code></p><p>Try to parse closure-like block comments.</p><h4 id="options-private">options.private</h4><p>Type: <code>Boolean</code><br>Default value: <code>false</code></p><p>Show privates.</p><h4 id="options-analytics">options.analytics</h4><p>Type: <code>String</code><br>Default value: <code>false</code></p><p>The Google Analytics ID.</p><h4 id="options-extras">options.extras</h4><p>Type: <code>Array</code> of <code>String</code> (path)<br>Default value: <code>[]</code></p><p>Extra files to add to the documentation. <strong>Markdown</strong> files will be parsed.</p><h3 id="usage-examples">Usage Examples</h3>
<h4 id="default-options">Default Options</h4><p>In this example, the default options are used to generate the documentation for the coffee files from the <code>src</code> directory into the default <code>./doc</code> folder.</p><pre><code class="lang-js">grunt.initConfig({
  codo: {
    src: [
      &#39;src&#39;
    ]
  },
});
</code></pre>
<h4 id="custom-options">Custom Options</h4><p>In this example, custom options are used to generate the documentation from api controllers and models into the <code>website/doc/api</code> folder. We also set names and title, include a <em>license</em> file, and ask the task to show us the undocumented objects, but not the stats of the generation.</p><pre><code class="lang-js">grunt.initConfig({
  codo: {
    options:
      name: &quot;AwesomeProject&quot;
      title: &quot;AwesomeProject API Documentation&quot;
      extra: [ &quot;LICENSE-MIT&quot; ]
      undocumented: yes
      stats: no
    src: [
      &quot;src/controllers/api&quot;
      &quot;src/models&quot;
    ]
    dest: &quot;website/doc/api&quot;
  },
});
</code></pre>
<h2 id="contributing">Contributing</h2><p>In lieu of a formal styleguide, take care to maintain the existing coding style. Add unit tests for any new or changed functionality. Lint and test your code using <a href="http://gruntjs.com/">Grunt</a>.</p><h2 id="release-history">Release History</h2>
<ul>
<li><strong>2014/06/23</strong> : v0.1.0</li>
</ul>
<h3 id="todo">TODO</h3>
<ul>
<li>[ ] Add basic unit tests</li>
</ul>
<h2 id="license">License</h2><p>Copyright (c) 2014 Leny<br>Licensed under the MIT license.</p>
      </div>
    </div>
    <div id='footer'>
  June 23, 14 03:46:49 by
  <a href='https://github.com/coffeedoc/codo' title='CoffeeScript API documentation generator'>
    Codo
  </a>
  2.0.9
  &#10034;
  Press H to see the keyboard shortcuts
  &#10034;
  <a href='http://twitter.com/netzpirat' target='_parent'>@netzpirat</a>
  &#10034;
  <a href='http://twitter.com/_inossidabile' target='_parent'>@_inossidabile</a>
</div>
<iframe id='search_frame'></iframe>
<div id='fuzzySearch'>
  <input type='text'>
  <ol></ol>
</div>
<div id='help'>
  <p>
    Quickly fuzzy find classes, mixins, methods, file:
  </p>
  <ul>
    <li>
      <span>T</span>
      Open fuzzy finder dialog
    </li>
  </ul>
  <p>
    Control the navigation frame:
  </p>
  <ul>
    <li>
      <span>L</span>
      Toggle list view
    </li>
    <li>
      <span>C</span>
      Show class list
    </li>
    <li>
      <span>I</span>
      Show mixin list
    </li>
    <li>
      <span>F</span>
      Show file list
    </li>
    <li>
      <span>M</span>
      Show method list
    </li>
    <li>
      <span>E</span>
      Show extras list
    </li>
  </ul>
  <p>
    You can focus and blur the search input:
  </p>
  <ul>
    <li>
      <span>S</span>
      Focus search input
    </li>
    <li>
      <span>Esc</span>
      Blur search input
    </li>
  </ul>
</div>
  </body>
</html>