<!DOCTYPE html>
<html>
  <head>
  <meta charset='UTF-8'>
  <title>Codo-codo Documentation</title>
  <script src='javascript/application.js'></script>
  <script src='javascript/search.js'></script>
  <link rel='stylesheet' href='stylesheets/application.css' type='text/css'>
</head>
  <body>
    <div id='base' data-path=''></div>
<div id='header'>
  <div id='menu'>
  </div>
</div>
    <div id='content'>
      <h1 class='noborder title'></h1>
      <div id='listing'>
        <h1 class='alphaindex'>Alphabetical Index</h1>
        <h2>Extra File Listing</h2>
        <ul id='files'>
          <li>
            <a href='extra/README.md.html' title='README.md'>
              README.md
            </a>
          </li>
        </ul>
        <h2>Class Listing A-Z</h2>
        <div class='index'>
          <ul>
            <li class='letter'>a</li>
            <ul>
              <li>
                <a href='class/Example/Animal.html'>
                  Animal
                </a>
                <small>
                  (Example)
                </small>
              </li>
              <li>
                <a href='class/Example/Animal.html'>
                  Animal
                </a>
                <small>
                  (Example)
                </small>
              </li>
            </ul>
          </ul>
          <ul>
            <li class='letter'>c</li>
            <ul>
              <li>
                <a href='class/Example/Cell.html'>
                  Cell
                </a>
                <small>
                  (Example)
                </small>
              </li>
            </ul>
          </ul>
          <ul>
            <li class='letter'>p</li>
            <ul>
              <li>
                <a href='class/Example/Plant.html'>
                  Plant
                </a>
                <small>
                  (Example)
                </small>
              </li>
            </ul>
          </ul>
        </div>
        <h2>File Listing A-Z</h2>
        <div class='index'>
          <ul>
            <li class='letter'>a</li>
            <ul>
              <li>
                <a href='file/test/fixtures/default/animal.coffee.html'>
                  animal.coffee
                </a>
                <small>
                  (test&#47;fixtures&#47;default)
                </small>
              </li>
              <li>
                <a href='file/test/fixtures/custom/animal.coffee.html'>
                  animal.coffee
                </a>
                <small>
                  (test&#47;fixtures&#47;custom)
                </small>
              </li>
            </ul>
          </ul>
          <ul>
            <li class='letter'>c</li>
            <ul>
              <li>
                <a href='file/test/fixtures/custom/cell.coffee.html'>
                  cell.coffee
                </a>
                <small>
                  (test&#47;fixtures&#47;custom)
                </small>
              </li>
            </ul>
          </ul>
          <ul>
            <li class='letter'>p</li>
            <ul>
              <li>
                <a href='file/test/fixtures/custom/plant.coffee.html'>
                  plant.coffee
                </a>
                <small>
                  (test&#47;fixtures&#47;custom)
                </small>
              </li>
            </ul>
          </ul>
        </div>
      </div>
    </div>
    <div id='footer'>
  June 23, 14 03:46:49 by
  <a href='https://github.com/coffeedoc/codo' title='CoffeeScript API documentation generator'>
    Codo
  </a>
  2.0.9
  &#10034;
  Press H to see the keyboard shortcuts
  &#10034;
  <a href='http://twitter.com/netzpirat' target='_parent'>@netzpirat</a>
  &#10034;
  <a href='http://twitter.com/_inossidabile' target='_parent'>@_inossidabile</a>
</div>
<iframe id='search_frame'></iframe>
<div id='fuzzySearch'>
  <input type='text'>
  <ol></ol>
</div>
<div id='help'>
  <p>
    Quickly fuzzy find classes, mixins, methods, file:
  </p>
  <ul>
    <li>
      <span>T</span>
      Open fuzzy finder dialog
    </li>
  </ul>
  <p>
    Control the navigation frame:
  </p>
  <ul>
    <li>
      <span>L</span>
      Toggle list view
    </li>
    <li>
      <span>C</span>
      Show class list
    </li>
    <li>
      <span>I</span>
      Show mixin list
    </li>
    <li>
      <span>F</span>
      Show file list
    </li>
    <li>
      <span>M</span>
      Show method list
    </li>
    <li>
      <span>E</span>
      Show extras list
    </li>
  </ul>
  <p>
    You can focus and blur the search input:
  </p>
  <ul>
    <li>
      <span>S</span>
      Focus search input
    </li>
    <li>
      <span>Esc</span>
      Blur search input
    </li>
  </ul>
</div>
  </body>
</html>