<!DOCTYPE html>
<html>
  <head>
  <meta charset='UTF-8'>
  <title>Codo-codo Documentation</title>
  <script src='javascript/application.js'></script>
  <script src='javascript/search.js'></script>
  <link rel='stylesheet' href='stylesheets/application.css' type='text/css'>
</head>
  <body class='list'>
    <div class='list tree' id='content'>
      <h1 class='full_list_header'>File List</h1>
      <nav>
  <a target='_self' href='class_list.html'>
    Classes
  </a>
  <a target='_self' href='file_list.html'>
    Files
  </a>
  <a target='_self' href='method_list.html'>
    Methods
  </a>
  <a target='_self' href='extra_list.html'>
    Extras
  </a>
</nav>
      <div id='search'>
        Search:
        <input type='text'>
      </div>
      <ul>
        <li>
          <span>
            test
          </span>
        </li>
      <ul>
        <li>
          <span>
            fixtures
          </span>
        </li>
      <ul>
        <li>
          <span>
            default
          </span>
        </li>
      <ul>
        <li>
          <a href='file/test/fixtures/default/animal.coffee.html' target='main'>
            animal.coffee
          </a>
          <small class='namespace'>
            test&#47;fixtures&#47;default
          </small>
        </li>
      </ul>
        
        <li>
          <span>
            custom
          </span>
        </li>
      <ul>
        <li>
          <a href='file/test/fixtures/custom/animal.coffee.html' target='main'>
            animal.coffee
          </a>
          <small class='namespace'>
            test&#47;fixtures&#47;custom
          </small>
        </li>
        <li>
          <a href='file/test/fixtures/custom/cell.coffee.html' target='main'>
            cell.coffee
          </a>
          <small class='namespace'>
            test&#47;fixtures&#47;custom
          </small>
        </li>
        <li>
          <a href='file/test/fixtures/custom/plant.coffee.html' target='main'>
            plant.coffee
          </a>
          <small class='namespace'>
            test&#47;fixtures&#47;custom
          </small>
        </li>
      </ul>
        
      </ul>
        
      </ul>
        
      </ul>
      
    </div>
  </body>
</html>