<!DOCTYPE html>
<html>
  <head>
  <meta charset='UTF-8'>
  <title>Codo-codo Documentation</title>
  <script src='javascript/application.js'></script>
  <script src='javascript/search.js'></script>
  <link rel='stylesheet' href='stylesheets/application.css' type='text/css'>
</head>
  <body class='list'>
    <div class='list' id='content'>
      <h1 class='full_list_header'>Method List</h1>
      <nav>
  <a target='_self' href='class_list.html'>
    Classes
  </a>
  <a target='_self' href='file_list.html'>
    Files
  </a>
  <a target='_self' href='method_list.html'>
    Methods
  </a>
  <a target='_self' href='extra_list.html'>
    Extras
  </a>
</nav>
      <div id='search'>
        Search:
        <input type='text'>
      </div>
      <ul>
        <li>
          <a href='class/Example/Cell.html#clone-dynamic' target='main' title='clone'>
            #clone
          </a>
          <small>
            (Example.Cell)
          </small>
        </li>
        <li>
          <a href='class/Example/Plant.html#clone-dynamic' target='main' title='clone'>
            #clone
          </a>
          <small>
            (Example.Plant)
          </small>
        </li>
        <li>
          <a href='class/Example/Animal.html#constructor-dynamic' target='main' title='constructor'>
            #constructor
          </a>
          <small>
            (Example.Animal)
          </small>
        </li>
        <li>
          <a href='class/Example/Animal.html#constructor-dynamic' target='main' title='constructor'>
            #constructor
          </a>
          <small>
            (Example.Animal)
          </small>
        </li>
        <li>
          <a href='class/Example/Cell.html#constructor-dynamic' target='main' title='constructor'>
            #constructor
          </a>
          <small>
            (Example.Cell)
          </small>
        </li>
        <li>
          <a href='class/Example/Plant.html#constructor-dynamic' target='main' title='constructor'>
            #constructor
          </a>
          <small>
            (Example.Plant)
          </small>
        </li>
        <li>
          <a href='class/Example/Cell.html#grow-dynamic' target='main' title='grow'>
            #grow
          </a>
          <small>
            (Example.Cell)
          </small>
        </li>
        <li>
          <a href='class/Example/Plant.html#grow-dynamic' target='main' title='grow'>
            #grow
          </a>
          <small>
            (Example.Plant)
          </small>
        </li>
        <li>
          <a href='class/Example/Animal.html#move-dynamic' target='main' title='move'>
            #move
          </a>
          <small>
            (Example.Animal)
          </small>
        </li>
        <li>
          <a href='class/Example/Animal.html#move-dynamic' target='main' title='move'>
            #move
          </a>
          <small>
            (Example.Animal)
          </small>
        </li>
      </ul>
    </div>
  </body>
</html>